HI-TECH Software C Compiler 

Linker command line:

--edf=C:\Program Files (x86)\HI-TECH Software\PICC\9.83\dat\en_msgs.txt -cs \
  -h+dist/default/production\SPI_4-digit_7seg.X.production.sym -z -Q16F877A \
  -ol.obj -Mdist/default/production/SPI_4-digit_7seg.X.production.map -E1 \
  -ACONST=00h-0FFhx32 -ACODE=00h-07FFhx4 -ASTRCODE=00h-01FFFh \
  -AENTRY=00h-0FFhx32 -ASTRING=00h-0FFhx32 -ABANK0=020h-06Fh \
  -ABANK1=0A0h-0EFh -ABANK2=0110h-016Fh -ABANK3=0190h-01EFh \
  -ARAM=020h-06Fh,0A0h-0EFh,0110h-016Fh,0190h-01EFh \
  -AABS1=020h-07Fh,0A0h-0EFh,0110h-016Fh,0190h-01EFh -ACOMMON=070h-07Fh \
  -ASFR0=00h-01Fh -ASFR1=080h-09Fh -ASFR2=0100h-010Fh -ASFR3=0180h-018Fh \
  -preset_vec=00h,intentry,init,end_init -ppowerup=CODE -pfunctab=CODE \
  -ACONFIG=02007h-02007h -pconfig=CONFIG -DCONFIG=2 -AIDLOC=02000h-02003h \
  -pidloc=IDLOC -DIDLOC=2 -AEEDATA=00h-0FFh/02100h -peeprom_data=EEDATA \
  -DEEDATA=2 -DCODE=2 -DSTRCODE=2 -DSTRING=2 -DCONST=2 -DENTRY=2 -k \
  C:\Users\Aravinth\AppData\Local\Temp\ss4.obj \
  dist/default/production\SPI_4-digit_7seg.X.production.obj 

Object code version is 3.10

Machine type is 16F877A



                Name                               Link     Load   Length Selector   Space Scale
C:\Users\Aravinth\AppData\Local\Temp\ss4.obj
                end_init                              0        0        3        0       0
dist/default/production\SPI_4-digit_7seg.X.production.obj
                text102                             72F      72F       1D      E5E       0
                text101                             6FD      6FD        D      DFA       0
                text100                             770      770       26      EE0       0
                maintext                            796      796       6A      F2C       0
                cstackCOMMON                         70       70        4       70       1
                inittext                            71C      71C       13      E38       0
                dataBANK0                            20       20       24       20       1
                cinit                               70A      70A       12      E14       0
                idataBANK0                          74C      74C       24      E98       0

TOTAL           Name                               Link     Load   Length     Space
        CLASS   CONST          

        CLASS   CODE           
                end_init                              0        0        3         0
                text102                             72F      72F       1D         0
                text101                             6FD      6FD        D         0
                text100                             770      770       26         0
                maintext                            796      796       6A         0
                inittext                            71C      71C       13         0
                cinit                               70A      70A       12         0
                idataBANK0                          74C      74C       24         0

        CLASS   STRCODE        

        CLASS   ENTRY          

        CLASS   STRING         

        CLASS   BANK0          
                dataBANK0                            20       20       24         1

        CLASS   BANK1          

        CLASS   BANK2          

        CLASS   BANK3          

        CLASS   RAM            

        CLASS   ABS1           
                abs_s1                               7E       7E        2         1

        CLASS   COMMON         
                cstackCOMMON                         70       70        4         1

        CLASS   SFR0           

        CLASS   SFR1           

        CLASS   SFR2           

        CLASS   SFR3           

        CLASS   CONFIG         

        CLASS   IDLOC          

        CLASS   EEDATA         



SEGMENTS        Name                           Load    Length   Top    Selector   Space  Class     Delta

                reset_vec                      000000  000003  000003         0       0  CODE        2
                dataBANK0                      000020  000024  000044        20       1  BANK0       1
                cstackCOMMON                   000070  000004  000074        70       1  COMMON      1
                text101                        0006FD  00000D  00070A       DFA       0  CODE        2
                cinit                          00070A  000012  00071C       E14       0  CODE        2
                inittext                       00071C  000013  00072F       E38       0  CODE        2
                text102                        00072F  00001D  00074C       E5E       0  CODE        2
                idataBANK0                     00074C  000024  000770       E98       0  CODE        2
                text100                        000770  000026  000796       EE0       0  CODE        2
                maintext                       000796  00006A  000800       F2C       0  CODE        2


UNUSED ADDRESS RANGES

        Name                Unused          Largest block    Delta
        BANK0            0044-006F             2C           1
        BANK1            00A0-00EF             50           1
        BANK2            0110-016F             60           1
        BANK3            0190-01EF             60           1
        CODE             0003-06FC            6FA           2
                         0800-1FFF            800
        COMMON           0074-007D              A           1
        CONFIG           2007-2007              1           2
        CONST            0003-06FC            100           2
                         0800-1FFF            100
        EEDATA           2100-21FF            100           2
        ENTRY            0003-06FC            100           2
                         0800-1FFF            100
        IDLOC            2000-2003              4           2
        RAM              0044-006F             2C           1
                         00A0-00EF             50
                         0110-016F             60
                         0190-01EF             60
        SFR0             0000-001F             20           1
        SFR1             0080-009F             20           1
        SFR2             0100-010F             10           1
        SFR3             0180-018F             10           1
        STRCODE          0003-06FC            6FA           2
                         0800-1FFF           1800
        STRING           0003-06FC            100           2
                         0800-1FFF            100

                                  Symbol Table

??_SPI_Initialize_Master        cstackCOMMON 0070
??_SPI_Write                    cstackCOMMON 0071
??_SPI_init                     cstackCOMMON 0072
??_main                         cstackCOMMON 0073
?_SPI_Initialize_Master         cstackCOMMON 0070
?_SPI_Write                     cstackCOMMON 0070
?_SPI_init                      cstackCOMMON 0070
?_main                          cstackCOMMON 0070
SPI_Write@cmd                   cstackCOMMON 0071
SPI_Write@data                  cstackCOMMON 0070
_CARRY                          (abs)        0018
_EEADR                          (abs)        010D
_EECON1                         (abs)        018C
_EECON2                         (abs)        018D
_EEDATA                         (abs)        010C
_GIE                            (abs)        005F
_RC2                            (abs)        003A
_RD                             (abs)        0C60
_SPI_Initialize_Master          text101      06FD
_SPI_Write                      text102      072F
_SPI_init                       text100      0770
_SSPBUF                         (abs)        0013
_SSPCON                         (abs)        0014
_SSPSTAT                        (abs)        0094
_SSPSTATbits                    (abs)        0094
_TRISC2                         (abs)        043A
_TRISC3                         (abs)        043B
_TRISC5                         (abs)        043D
_WR                             (abs)        0C61
_WREN                           (abs)        0C62
__Habs1                         abs1         0000
__Hbank0                        bank0        0000
__Hbank1                        bank1        0000
__Hbank2                        bank2        0000
__Hbank3                        bank3        0000
__Hcinit                        cinit        0000
__Hclrtext                      clrtext      0000
__Hcode                         code         0000
__Hcommon                       common       0000
__Hconfig                       config       0000
__HcstackCOMMON                 cstackCOMMON 0000
__HdataBANK0                    dataBANK0    0000
__Heeprom_data                  eeprom_data  0000
__Hend_init                     end_init     0003
__Hfunctab                      functab      0000
__HidataBANK0                   idataBANK0   0000
__Hidloc                        idloc        0000
__Hinit                         init         0000
__Hinittext                     inittext     0000
__Hintentry                     intentry     0000
__Hmaintext                     maintext     0000
__Hpowerup                      powerup      0000
__Hram                          ram          0000
__Hreset_vec                    reset_vec    0000
__Hsfr0                         sfr0         0000
__Hsfr1                         sfr1         0000
__Hsfr2                         sfr2         0000
__Hsfr3                         sfr3         0000
__Hstrings                      strings      0000
__Htext                         text         0000
__Labs1                         abs1         0000
__Lbank0                        bank0        0000
__Lbank1                        bank1        0000
__Lbank2                        bank2        0000
__Lbank3                        bank3        0000
__Lcinit                        cinit        0000
__Lclrtext                      clrtext      0000
__Lcode                         code         0000
__Lcommon                       common       0000
__Lconfig                       config       0000
__LcstackCOMMON                 cstackCOMMON 0000
__LdataBANK0                    dataBANK0    0000
__Leeprom_data                  eeprom_data  0000
__Lend_init                     end_init     0000
__Lfunctab                      functab      0000
__LidataBANK0                   idataBANK0   0000
__Lidloc                        idloc        0000
__Linit                         init         0000
__Linittext                     inittext     0000
__Lintentry                     intentry     0000
__Lmaintext                     maintext     0000
__Lpowerup                      powerup      0000
__Lram                          ram          0000
__Lreset_vec                    reset_vec    0000
__Lsfr0                         sfr0         0000
__Lsfr1                         sfr1         0000
__Lsfr2                         sfr2         0000
__Lsfr3                         sfr3         0000
__Lstrings                      strings      0000
__Ltext                         text         0000
__S0                            (abs)        0800
__S1                            (abs)        0074
__S2                            (abs)        0000
__end_of_SPI_Initialize_Master  text101      070A
__end_of_SPI_Write              text102      074C
__end_of_SPI_init               text100      0796
__end_of_main                   maintext     0800
__pcstackCOMMON                 cstackCOMMON 0070
__pdataBANK0                    dataBANK0    0020
__pidataBANK0                   idataBANK0   074C
__pmaintext                     maintext     0796
__ptext100                      text100      0770
__ptext101                      text101      06FD
__ptext102                      text102      072F
__ptext103                      text103      0000
__size_of_SPI_Initialize_Master (abs)        0000
__size_of_SPI_Write             (abs)        0000
__size_of_SPI_init              (abs)        0000
__size_of_main                  (abs)        0000
_ar2                            dataBANK0    0034
_arr                            dataBANK0    0020
_exit                           init         0000
_main                           maintext     0796
btemp                           (abs)        007E
end_of_initialization           cinit        0718
init_fetch                      inittext     071C
init_ram                        inittext     0720
intlevel0                       functab      0000
intlevel1                       functab      0000
intlevel2                       functab      0000
intlevel3                       functab      0000
intlevel4                       functab      0000
intlevel5                       functab      0000
reset_vec                       reset_vec    0000
start                           init         0000
start_initialization            cinit        070A
wtemp0                          (abs)        007E
