HI-TECH Software C Compiler 

Linker command line:

--edf=C:\Program Files (x86)\HI-TECH Software\PICC\9.82\dat\en_msgs.txt -cs \
  -h+master.sym -z -Q16F877A -ol.obj -Mmaster.map -E1 -ACONST=00h-0FFhx32 \
  -ACODE=00h-07FFhx4 -ASTRCODE=00h-01FFFh -AENTRY=00h-0FFhx32 \
  -ASTRING=00h-0FFhx32 -ABANK0=020h-06Fh -ABANK1=0A0h-0EFh \
  -ABANK2=0110h-016Fh -ABANK3=0190h-01EFh \
  -ARAM=020h-06Fh,0A0h-0EFh,0110h-016Fh,0190h-01EFh \
  -AABS1=020h-07Fh,0A0h-0EFh,0110h-016Fh,0190h-01EFh -ACOMMON=070h-07Fh \
  -ASFR0=00h-01Fh -ASFR1=080h-09Fh -ASFR2=0100h-010Fh -ASFR3=0180h-018Fh \
  -preset_vec=00h,intentry,init,end_init -ppowerup=CODE -pfunctab=CODE \
  -ACONFIG=02007h-02007h -pconfig=CONFIG -DCONFIG=2 -AIDLOC=02000h-02003h \
  -pidloc=IDLOC -DIDLOC=2 -AEEDATA=00h-0FFh/02100h -peeprom_data=EEDATA \
  -DEEDATA=2 -DCODE=2 -DSTRCODE=2 -DSTRING=2 -DCONST=2 -DENTRY=2 -k \
  startup.obj master.obj 

Object code version is 3.10

Machine type is 16F877A



                Name                               Link     Load   Length Selector   Space Scale
startup.obj     end_init                              0        0        3        0       0
master.obj      text218                             6A4      6A4       10      D48       0
                text217                             6F3      6F3       4A      DE6       0
                text216                             790      790       70      F20       0
                text215                             73D      73D       53      E7A       0
                text214                             688      688        9      D10       0
                text213                             69A      69A        A      D34       0
                text212                             691      691        9      D22       0
                maintext                            6B4      6B4       3F      D68       0
                cstackBANK0                          20       20       18       20       1
                cstackCOMMON                         70       70        E       70       1
                cinit                               684      684        4      D08       0

TOTAL           Name                               Link     Load   Length     Space
        CLASS   CONST          

        CLASS   CODE           
                end_init                              0        0        3         0
                text218                             6A4      6A4       10         0
                text217                             6F3      6F3       4A         0
                text216                             790      790       70         0
                text215                             73D      73D       53         0
                text214                             688      688        9         0
                text213                             69A      69A        A         0
                text212                             691      691        9         0
                maintext                            6B4      6B4       3F         0
                cinit                               684      684        4         0

        CLASS   STRCODE        

        CLASS   ENTRY          

        CLASS   STRING         

        CLASS   BANK0          
                cstackBANK0                          20       20       18         1

        CLASS   BANK1          

        CLASS   BANK2          

        CLASS   BANK3          

        CLASS   RAM            

        CLASS   ABS1           
                abs_s1                               7E       7E        2         1

        CLASS   COMMON         
                cstackCOMMON                         70       70        E         1

        CLASS   SFR0           

        CLASS   SFR1           

        CLASS   SFR2           

        CLASS   SFR3           

        CLASS   CONFIG         

        CLASS   IDLOC          

        CLASS   EEDATA         



SEGMENTS        Name                           Load    Length   Top    Selector   Space  Class     Delta

                reset_vec                      000000  000003  000003         0       0  CODE        2
                cstackBANK0                    000020  000018  000038        20       1  BANK0       1
                cstackCOMMON                   000070  00000E  00007E        70       1  COMMON      1
                cinit                          000684  000004  000688       D08       0  CODE        2
                text214                        000688  000009  000691       D10       0  CODE        2
                text212                        000691  000009  00069A       D22       0  CODE        2
                text213                        00069A  00000A  0006A4       D34       0  CODE        2
                text218                        0006A4  000010  0006B4       D48       0  CODE        2
                maintext                       0006B4  00003F  0006F3       D68       0  CODE        2
                text217                        0006F3  00004A  00073D       DE6       0  CODE        2
                text215                        00073D  000053  000790       E7A       0  CODE        2
                text216                        000790  000070  000800       F20       0  CODE        2


UNUSED ADDRESS RANGES

        Name                Unused          Largest block    Delta
        BANK0            0038-006F             38           1
        BANK1            00A0-00EF             50           1
        BANK2            0110-016F             60           1
        BANK3            0190-01EF             60           1
        CODE             0003-0683            681           2
                         0800-1FFF            800
        CONFIG           2007-2007              1           2
        CONST            0003-0683            100           2
                         0800-1FFF            100
        EEDATA           2100-21FF            100           2
        ENTRY            0003-0683            100           2
                         0800-1FFF            100
        IDLOC            2000-2003              4           2
        RAM              0038-006F             38           1
                         00A0-00EF             50
                         0110-016F             60
                         0190-01EF             60
        SFR0             0000-001F             20           1
        SFR1             0080-009F             20           1
        SFR2             0100-010F             10           1
        SFR3             0180-018F             10           1
        STRCODE          0003-0683            681           2
                         0800-1FFF           1800
        STRING           0003-0683            100           2
                         0800-1FFF            100

                                  Symbol Table

??_I2C_Begin             cstackCOMMON 0070
??_I2C_End               cstackCOMMON 0070
??_I2C_Hold              cstackCOMMON 0070
??_I2C_Initialize        cstackBANK0  0031
??_I2C_Write             cstackCOMMON 0072
??___lldiv               cstackCOMMON 007D
??___lmul                cstackCOMMON 0078
??_main                  cstackBANK0  0035
?_I2C_Begin              cstackCOMMON 0070
?_I2C_End                cstackCOMMON 0070
?_I2C_Hold               cstackCOMMON 0070
?_I2C_Initialize         cstackBANK0  002D
?_I2C_Write              cstackCOMMON 0070
?___lldiv                cstackBANK0  0020
?___lmul                 cstackCOMMON 0070
?_main                   cstackCOMMON 0070
I2C_Initialize@feq_K     cstackBANK0  002D
I2C_Write@data           cstackCOMMON 0070
_ACKDT                   (abs)        048D
_ACKEN                   (abs)        048C
_CARRY                   (abs)        0018
_EEADR                   (abs)        010D
_EECON1                  (abs)        018C
_EECON2                  (abs)        018D
_EEDATA                  (abs)        010C
_GIE                     (abs)        005F
_I2C_Begin               text214      0688
_I2C_End                 text212      0691
_I2C_Hold                text218      06A4
_I2C_Initialize          text215      073D
_I2C_Write               text213      069A
_PEN                     (abs)        048A
_RCEN                    (abs)        048B
_RD                      (abs)        0C60
_SEN                     (abs)        0488
_SSPADD                  (abs)        0093
_SSPBUF                  (abs)        0013
_SSPCON                  (abs)        0014
_SSPCON2                 (abs)        0091
_SSPSTAT                 (abs)        0094
_TRISC3                  (abs)        043B
_TRISC4                  (abs)        043C
_WR                      (abs)        0C61
_WREN                    (abs)        0C62
__Habs1                  abs1         0000
__Hbank0                 bank0        0000
__Hbank1                 bank1        0000
__Hbank2                 bank2        0000
__Hbank3                 bank3        0000
__Hcinit                 cinit        0000
__Hclrtext               clrtext      0000
__Hcode                  code         0000
__Hcommon                common       0000
__Hconfig                config       0000
__HcstackBANK0           cstackBANK0  0000
__HcstackCOMMON          cstackCOMMON 0000
__Heeprom_data           eeprom_data  0000
__Hend_init              end_init     0003
__Hfunctab               functab      0000
__Hidloc                 idloc        0000
__Hinit                  init         0000
__Hintentry              intentry     0000
__Hmaintext              maintext     0000
__Hpowerup               powerup      0000
__Hram                   ram          0000
__Hreset_vec             reset_vec    0000
__Hsfr0                  sfr0         0000
__Hsfr1                  sfr1         0000
__Hsfr2                  sfr2         0000
__Hsfr3                  sfr3         0000
__Hstrings               strings      0000
__Htext                  text         0000
__Labs1                  abs1         0000
__Lbank0                 bank0        0000
__Lbank1                 bank1        0000
__Lbank2                 bank2        0000
__Lbank3                 bank3        0000
__Lcinit                 cinit        0000
__Lclrtext               clrtext      0000
__Lcode                  code         0000
__Lcommon                common       0000
__Lconfig                config       0000
__LcstackBANK0           cstackBANK0  0000
__LcstackCOMMON          cstackCOMMON 0000
__Leeprom_data           eeprom_data  0000
__Lend_init              end_init     0000
__Lfunctab               functab      0000
__Lidloc                 idloc        0000
__Linit                  init         0000
__Lintentry              intentry     0000
__Lmaintext              maintext     0000
__Lpowerup               powerup      0000
__Lram                   ram          0000
__Lreset_vec             reset_vec    0000
__Lsfr0                  sfr0         0000
__Lsfr1                  sfr1         0000
__Lsfr2                  sfr2         0000
__Lsfr3                  sfr3         0000
__Lstrings               strings      0000
__Ltext                  text         0000
__S0                     (abs)        0800
__S1                     (abs)        007E
__S2                     (abs)        0000
___lldiv                 text216      0790
___lldiv@counter         cstackBANK0  002C
___lldiv@dividend        cstackBANK0  0024
___lldiv@divisor         cstackBANK0  0020
___lldiv@quotient        cstackBANK0  0028
___lmul                  text217      06F3
___lmul@multiplicand     cstackCOMMON 0074
___lmul@multiplier       cstackCOMMON 0070
___lmul@product          cstackCOMMON 0079
__end_of_I2C_Begin       text214      0691
__end_of_I2C_End         text212      069A
__end_of_I2C_Hold        text218      06B4
__end_of_I2C_Initialize  text215      0790
__end_of_I2C_Write       text213      06A4
__end_of___lldiv         text216      0800
__end_of___lmul          text217      073D
__end_of_main            maintext     06F3
__pcstackBANK0           cstackBANK0  0020
__pcstackCOMMON          cstackCOMMON 0070
__pmaintext              maintext     06B4
__ptext211               text211      0000
__ptext212               text212      0691
__ptext213               text213      069A
__ptext214               text214      0688
__ptext215               text215      073D
__ptext216               text216      0790
__ptext217               text217      06F3
__ptext218               text218      06A4
__ptext219               text219      0000
__size_of_I2C_Begin      (abs)        0000
__size_of_I2C_End        (abs)        0000
__size_of_I2C_Hold       (abs)        0000
__size_of_I2C_Initialize (abs)        0000
__size_of_I2C_Write      (abs)        0000
__size_of___lldiv        (abs)        0000
__size_of___lmul         (abs)        0000
__size_of_main           (abs)        0000
_exit                    init         0000
_main                    maintext     06B4
btemp                    (abs)        007E
end_of_initialization    cinit        0684
intlevel0                functab      0000
intlevel1                functab      0000
intlevel2                functab      0000
intlevel3                functab      0000
intlevel4                functab      0000
intlevel5                functab      0000
reset_vec                reset_vec    0000
start                    init         0000
start_initialization     cinit        0684
wtemp0                   (abs)        007E
