HI-TECH Software C Compiler 

Linker command line:

--edf=C:\Program Files (x86)\HI-TECH Software\PICC\9.82\dat\en_msgs.txt -cs \
  -h+ADC.sym -z -Q16F877A -ol.obj -MADC.map -E1 -ACONST=00h-0FFhx32 \
  -ACODE=00h-07FFhx4 -ASTRCODE=00h-01FFFh -AENTRY=00h-0FFhx32 \
  -ASTRING=00h-0FFhx32 -ABANK0=020h-06Fh -ABANK1=0A0h-0EFh \
  -ABANK2=0110h-016Fh -ABANK3=0190h-01EFh \
  -ARAM=020h-06Fh,0A0h-0EFh,0110h-016Fh,0190h-01EFh \
  -AABS1=020h-07Fh,0A0h-0EFh,0110h-016Fh,0190h-01EFh -ACOMMON=070h-07Fh \
  -ASFR0=00h-01Fh -ASFR1=080h-09Fh -ASFR2=0100h-010Fh -ASFR3=0180h-018Fh \
  -preset_vec=00h,intentry,init,end_init -ppowerup=CODE -pfunctab=CODE \
  -ACONFIG=02007h-02007h -pconfig=CONFIG -DCONFIG=2 -AIDLOC=02000h-02003h \
  -pidloc=IDLOC -DIDLOC=2 -AEEDATA=00h-0FFh/02100h -peeprom_data=EEDATA \
  -DEEDATA=2 -DCODE=2 -DSTRCODE=2 -DSTRING=2 -DCONST=2 -DENTRY=2 -k \
  startup.obj ADC.obj 

Object code version is 3.10

Machine type is 16F877A



                Name                               Link     Load   Length Selector   Space Scale
startup.obj     end_init                              0        0        3        0       0
ADC.obj         text214                             693      693       3E      D26       0
                text213                             715      715       4E      E2A       0
                text212                             6D1      6D1       44      DA2       0
                text211                             60E      60E       15      C1C       0
                text210                             623      623       15      C46       0
                text209                             638      638       19      C70       0
                text208                             651      651       21      CA2       0
                text207                             763      763       9D      EC6       0
                maintext                            672      672       21      CE4       0
                cstackBANK0                          20       20        4       20       1
                cstackCOMMON                         70       70        E       70       1
                cinit                               60A      60A        4      C14       0
                strings                               3        3       12        6       0

TOTAL           Name                               Link     Load   Length     Space
        CLASS   CONST          

        CLASS   CODE           
                end_init                              0        0        3         0
                text214                             693      693       3E         0
                text213                             715      715       4E         0
                text212                             6D1      6D1       44         0
                text211                             60E      60E       15         0
                text210                             623      623       15         0
                text209                             638      638       19         0
                text208                             651      651       21         0
                text207                             763      763       9D         0
                maintext                            672      672       21         0
                cinit                               60A      60A        4         0

        CLASS   STRCODE        

        CLASS   ENTRY          

        CLASS   STRING         
                strings                               3        3       12         0

        CLASS   BANK0          
                cstackBANK0                          20       20        4         1

        CLASS   BANK1          

        CLASS   BANK2          

        CLASS   BANK3          

        CLASS   RAM            

        CLASS   ABS1           
                abs_s1                               7E       7E        2         1

        CLASS   COMMON         
                cstackCOMMON                         70       70        E         1

        CLASS   SFR0           

        CLASS   SFR1           

        CLASS   SFR2           

        CLASS   SFR3           

        CLASS   CONFIG         

        CLASS   IDLOC          

        CLASS   EEDATA         



SEGMENTS        Name                           Load    Length   Top    Selector   Space  Class     Delta

                reset_vec                      000000  000003  000003         0       0  CODE        2
                strings                        000003  000012  000015         6       0  STRING      2
                cstackBANK0                    000020  000004  000024        20       1  BANK0       1
                cstackCOMMON                   000070  00000E  00007E        70       1  COMMON      1
                cinit                          00060A  000004  00060E       C14       0  CODE        2
                text211                        00060E  000015  000623       C1C       0  CODE        2
                text210                        000623  000015  000638       C46       0  CODE        2
                text209                        000638  000019  000651       C70       0  CODE        2
                text208                        000651  000021  000672       CA2       0  CODE        2
                maintext                       000672  000021  000693       CE4       0  CODE        2
                text214                        000693  00003E  0006D1       D26       0  CODE        2
                text212                        0006D1  000044  000715       DA2       0  CODE        2
                text213                        000715  00004E  000763       E2A       0  CODE        2
                text207                        000763  00009D  000800       EC6       0  CODE        2


UNUSED ADDRESS RANGES

        Name                Unused          Largest block    Delta
        BANK0            0024-006F             4C           1
        BANK1            00A0-00EF             50           1
        BANK2            0110-016F             60           1
        BANK3            0190-01EF             60           1
        CODE             0015-0609            5F5           2
                         0800-1FFF            800
        CONFIG           2007-2007              1           2
        CONST            0015-0609            100           2
                         0800-1FFF            100
        EEDATA           2100-21FF            100           2
        ENTRY            0015-0609            100           2
                         0800-1FFF            100
        IDLOC            2000-2003              4           2
        RAM              0024-006F             4C           1
                         00A0-00EF             50
                         0110-016F             60
                         0190-01EF             60
        SFR0             0000-001F             20           1
        SFR1             0080-009F             20           1
        SFR2             0100-010F             10           1
        SFR3             0180-018F             10           1
        STRCODE          0015-0609            5F5           2
                         0800-1FFF           1800
        STRING           0015-0609            100           2
                         0800-1FFF            100

                                  Symbol Table

??___lwdiv            cstackCOMMON 0074
??___lwmod            cstackCOMMON 007C
??_adc                cstackBANK0  0020
??_cmd                cstackCOMMON 0077
??_dat                cstackCOMMON 0077
??_delay              cstackCOMMON 0072
??_lcd_int            cstackCOMMON 0078
??_main               cstackCOMMON 007E
??_show               cstackCOMMON 0078
?___lwdiv             cstackCOMMON 0070
?___lwmod             cstackCOMMON 0078
?_adc                 cstackCOMMON 0070
?_cmd                 cstackCOMMON 0070
?_dat                 cstackCOMMON 0070
?_delay               cstackCOMMON 0070
?_lcd_int             cstackCOMMON 0070
?_main                cstackCOMMON 0070
?_show                cstackCOMMON 0070
_ADCON0               (abs)        001F
_ADCON1               (abs)        009F
_ADRESH               (abs)        001E
_ADRESL               (abs)        009E
_CARRY                (abs)        0018
_EEADR                (abs)        010D
_EECON1               (abs)        018C
_EECON2               (abs)        018D
_EEDATA               (abs)        010C
_GIE                  (abs)        005F
_GO_nDONE             (abs)        00FA
_PORTD                (abs)        0008
_RC4                  (abs)        003C
_RC5                  (abs)        003D
_RC6                  (abs)        003E
_RD                   (abs)        0C60
_TRISA0               (abs)        0428
_TRISC                (abs)        0087
_TRISD                (abs)        0088
_WR                   (abs)        0C61
_WREN                 (abs)        0C62
__Habs1               abs1         0000
__Hbank0              bank0        0000
__Hbank1              bank1        0000
__Hbank2              bank2        0000
__Hbank3              bank3        0000
__Hcinit              cinit        0000
__Hclrtext            clrtext      0000
__Hcode               code         0000
__Hcommon             common       0000
__Hconfig             config       0000
__HcstackBANK0        cstackBANK0  0000
__HcstackCOMMON       cstackCOMMON 0000
__Heeprom_data        eeprom_data  0000
__Hend_init           end_init     0003
__Hfunctab            functab      0000
__Hidloc              idloc        0000
__Hinit               init         0000
__Hintentry           intentry     0000
__Hmaintext           maintext     0000
__Hpowerup            powerup      0000
__Hram                ram          0000
__Hreset_vec          reset_vec    0000
__Hsfr0               sfr0         0000
__Hsfr1               sfr1         0000
__Hsfr2               sfr2         0000
__Hsfr3               sfr3         0000
__Hstrings            strings      0000
__Htext               text         0000
__Labs1               abs1         0000
__Lbank0              bank0        0000
__Lbank1              bank1        0000
__Lbank2              bank2        0000
__Lbank3              bank3        0000
__Lcinit              cinit        0000
__Lclrtext            clrtext      0000
__Lcode               code         0000
__Lcommon             common       0000
__Lconfig             config       0000
__LcstackBANK0        cstackBANK0  0000
__LcstackCOMMON       cstackCOMMON 0000
__Leeprom_data        eeprom_data  0000
__Lend_init           end_init     0000
__Lfunctab            functab      0000
__Lidloc              idloc        0000
__Linit               init         0000
__Lintentry           intentry     0000
__Lmaintext           maintext     0000
__Lpowerup            powerup      0000
__Lram                ram          0000
__Lreset_vec          reset_vec    0000
__Lsfr0               sfr0         0000
__Lsfr1               sfr1         0000
__Lsfr2               sfr2         0000
__Lsfr3               sfr3         0000
__Lstrings            strings      0000
__Ltext               text         0000
__S0                  (abs)        0800
__S1                  (abs)        007E
__S2                  (abs)        0000
___lwdiv              text213      0715
___lwdiv@counter      cstackCOMMON 0077
___lwdiv@dividend     cstackCOMMON 0072
___lwdiv@divisor      cstackCOMMON 0070
___lwdiv@quotient     cstackCOMMON 0075
___lwmod              text212      06D1
___lwmod@counter      cstackCOMMON 007D
___lwmod@dividend     cstackCOMMON 007A
___lwmod@divisor      cstackCOMMON 0078
__end_of___lwdiv      text213      0763
__end_of___lwmod      text212      0715
__end_of_adc          text207      0800
__end_of_cmd          text211      0623
__end_of_dat          text210      0638
__end_of_delay        text214      06D1
__end_of_lcd_int      text209      0651
__end_of_main         maintext     0693
__end_of_show         text208      0672
__pcstackBANK0        cstackBANK0  0020
__pcstackCOMMON       cstackCOMMON 0070
__pmaintext           maintext     0672
__pstrings            strings      0003
__ptext206            text206      0000
__ptext207            text207      0763
__ptext208            text208      0651
__ptext209            text209      0638
__ptext210            text210      0623
__ptext211            text211      060E
__ptext212            text212      06D1
__ptext213            text213      0715
__ptext214            text214      0693
__ptext215            text215      0000
__size_of___lwdiv     (abs)        0000
__size_of___lwmod     (abs)        0000
__size_of_adc         (abs)        0000
__size_of_cmd         (abs)        0000
__size_of_dat         (abs)        0000
__size_of_delay       (abs)        0000
__size_of_lcd_int     (abs)        0000
__size_of_main        (abs)        0000
__size_of_show        (abs)        0000
_adc                  text207      0763
_cmd                  text211      060E
_dat                  text210      0623
_delay                text214      0693
_exit                 init         0000
_lcd_int              text209      0638
_main                 maintext     0672
_show                 text208      0651
adc@adcval            cstackBANK0  0022
btemp                 (abs)        007E
cmd@a                 cstackCOMMON 0077
dat@b                 cstackCOMMON 0077
delay@L               cstackCOMMON 0070
delay@i               cstackCOMMON 0073
delay@j               cstackCOMMON 0075
end_of_initialization cinit        060A
intlevel0             functab      0000
intlevel1             functab      0000
intlevel2             functab      0000
intlevel3             functab      0000
intlevel4             functab      0000
intlevel5             functab      0000
reset_vec             reset_vec    0000
show@s                cstackCOMMON 0079
start                 init         0000
start_initialization  cinit        060A
wtemp0                (abs)        007E
