HI-TECH Software C Compiler 

Linker command line:

--edf=C:\Program Files (x86)\HI-TECH Software\PICC\9.82\dat\en_msgs.txt -cs \
  -h+I2C SLAVE.sym -z -Q16F877A -ol.obj -MI2C SLAVE.map -E1 \
  -ACONST=00h-0FFhx32 -ACODE=00h-07FFhx4 -ASTRCODE=00h-01FFFh \
  -AENTRY=00h-0FFhx32 -ASTRING=00h-0FFhx32 -ABANK0=020h-06Fh \
  -ABANK1=0A0h-0EFh -ABANK2=0110h-016Fh -ABANK3=0190h-01EFh \
  -ARAM=020h-06Fh,0A0h-0EFh,0110h-016Fh,0190h-01EFh \
  -AABS1=020h-07Fh,0A0h-0EFh,0110h-016Fh,0190h-01EFh -ACOMMON=070h-07Fh \
  -ASFR0=00h-01Fh -ASFR1=080h-09Fh -ASFR2=0100h-010Fh -ASFR3=0180h-018Fh \
  -preset_vec=00h,intentry=04h,init,end_init -ppowerup=CODE -pfunctab=CODE \
  -ACONFIG=02007h-02007h -pconfig=CONFIG -DCONFIG=2 -AIDLOC=02000h-02003h \
  -pidloc=IDLOC -DIDLOC=2 -AEEDATA=00h-0FFh/02100h -peeprom_data=EEDATA \
  -DEEDATA=2 -DCODE=2 -DSTRCODE=2 -DSTRING=2 -DCONST=2 -DENTRY=2 -k \
  startup.obj I2C SLAVE.obj 

Object code version is 3.10

Machine type is 16F877A



                Name                               Link     Load   Length Selector   Space Scale
startup.obj     end_init                             12       12        3        8       0
                reset_vec                             0        0        3        0       0
I2C SLAVE.obj   intentry                              4        4        E        8       0
                text90                               15       15       6A        8       0
                text89                               7F       7F       19        8       0
                maintext                             98       98       17        8       0
                cstackCOMMON                         70       70        8       70       1
                bssCOMMON                            78       78        2       70       1
                cinit                                AF       AF        6        8       0

TOTAL           Name                               Link     Load   Length     Space
        CLASS   CONST          

        CLASS   CODE           
                end_init                             12       12        3         0
                intentry                              4        4        E         0
                reset_vec                             0        0        3         0
                text90                               15       15       6A         0
                text89                               7F       7F       19         0
                maintext                             98       98       17         0
                cinit                                AF       AF        6         0

        CLASS   STRCODE        

        CLASS   ENTRY          

        CLASS   STRING         

        CLASS   BANK0          

        CLASS   BANK1          

        CLASS   BANK2          

        CLASS   BANK3          

        CLASS   RAM            

        CLASS   ABS1           
                abs_s1                               7E       7E        2         1

        CLASS   COMMON         
                cstackCOMMON                         70       70        8         1
                bssCOMMON                            78       78        2         1

        CLASS   SFR0           

        CLASS   SFR1           

        CLASS   SFR2           

        CLASS   SFR3           

        CLASS   CONFIG         

        CLASS   IDLOC          

        CLASS   EEDATA         



SEGMENTS        Name                           Load    Length   Top    Selector   Space  Class     Delta

                reset_vec                      000000  000003  000003         0       0  CODE        2
                intentry                       000004  0000B1  0000B5         8       0  CODE        2
                cstackCOMMON                   000070  00000A  00007A        70       1  COMMON      1


UNUSED ADDRESS RANGES

        Name                Unused          Largest block    Delta
        BANK0            020-06F            50           1
        BANK1            0A0-0EF            50           1
        BANK2            110-16F            60           1
        BANK3            190-1EF            60           1
        CODE             003-003             1           2
                         0B5-1FFF           800
        COMMON           07A-07D             4           1
        CONFIG           2007-2007             1           2
        CONST            003-003             1           2
                         0B5-1FFF           100
        EEDATA           2100-21FF           100           2
        ENTRY            003-003             1           2
                         0B5-1FFF           100
        IDLOC            2000-2003             4           2
        RAM              020-06F            50           1
                         0A0-0EF            50
                         110-16F            60
                         190-1EF            60
        SFR0             000-01F            20           1
        SFR1             080-09F            20           1
        SFR2             100-10F            10           1
        SFR3             180-18F            10           1
        STRCODE          003-003             1           2
                         0B5-1FFF          1F4B
        STRING           003-003             1           2
                         0B5-1FFF           100

                                  Symbol Table

??_I2C_Slave_Init        cstackCOMMON 078
??_I2C_Slave_Read        cstackCOMMON 070
??_main                  cstackCOMMON 078
?_I2C_Slave_Init         cstackCOMMON 076
?_I2C_Slave_Read         cstackCOMMON 070
?_main                   cstackCOMMON 070
I2C_Slave_Init@address   cstackCOMMON 076
_BF                      (abs)        4A0
_CARRY                   (abs)        018
_EEADR                   (abs)        10D
_EECON1                  (abs)        18C
_EECON2                  (abs)        18D
_EEDATA                  (abs)        10C
_GIE                     (abs)        05F
_I2C_Slave_Init          text89       07F
_I2C_Slave_Read          text90       015
_PEIE                    (abs)        05E
_PORTB                   (abs)        006
_PORTD                   (abs)        008
_RD                      (abs)        C60
_SSPADD                  (abs)        093
_SSPBUF                  (abs)        013
_SSPCON                  (abs)        014
_SSPCON2                 (abs)        091
_SSPCONbits              (abs)        014
_SSPIE                   (abs)        463
_SSPIF                   (abs)        063
_SSPSTAT                 (abs)        094
_SSPSTATbits             (abs)        094
_TRISB                   (abs)        086
_TRISC3                  (abs)        43B
_TRISC4                  (abs)        43C
_TRISD                   (abs)        088
_WR                      (abs)        C61
_WREN                    (abs)        C62
__Habs1                  abs1         000
__Hbank0                 bank0        000
__Hbank1                 bank1        000
__Hbank2                 bank2        000
__Hbank3                 bank3        000
__HbssCOMMON             bssCOMMON    000
__Hcinit                 cinit        000
__Hclrtext               clrtext      000
__Hcode                  code         000
__Hcommon                common       000
__Hconfig                config       000
__HcstackCOMMON          cstackCOMMON 000
__Heeprom_data           eeprom_data  000
__Hend_init              end_init     015
__Hfunctab               functab      000
__Hidloc                 idloc        000
__Hinit                  init         012
__Hintentry              intentry     012
__Hmaintext              maintext     000
__Hpowerup               powerup      000
__Hram                   ram          000
__Hreset_vec             reset_vec    003
__Hsfr0                  sfr0         000
__Hsfr1                  sfr1         000
__Hsfr2                  sfr2         000
__Hsfr3                  sfr3         000
__Hstrings               strings      000
__Htext                  text         000
__Labs1                  abs1         000
__Lbank0                 bank0        000
__Lbank1                 bank1        000
__Lbank2                 bank2        000
__Lbank3                 bank3        000
__LbssCOMMON             bssCOMMON    000
__Lcinit                 cinit        000
__Lclrtext               clrtext      000
__Lcode                  code         000
__Lcommon                common       000
__Lconfig                config       000
__LcstackCOMMON          cstackCOMMON 000
__Leeprom_data           eeprom_data  000
__Lend_init              end_init     012
__Lfunctab               functab      000
__Lidloc                 idloc        000
__Linit                  init         012
__Lintentry              intentry     004
__Lmaintext              maintext     000
__Lpowerup               powerup      000
__Lram                   ram          000
__Lreset_vec             reset_vec    000
__Lsfr0                  sfr0         000
__Lsfr1                  sfr1         000
__Lsfr2                  sfr2         000
__Lsfr3                  sfr3         000
__Lstrings               strings      000
__Ltext                  text         000
__S0                     (abs)        0B5
__S1                     (abs)        07A
__S2                     (abs)        000
__end_of_I2C_Slave_Init  text89       098
__end_of_I2C_Slave_Read  text90       07F
__end_of_main            maintext     0AF
__pbssCOMMON             bssCOMMON    078
__pcstackCOMMON          cstackCOMMON 070
__pintentry              intentry     004
__pmaintext              maintext     098
__ptext88                text88       000
__ptext89                text89       07F
__ptext90                text90       015
__ptext91                text91       000
__size_of_I2C_Slave_Init (abs)        000
__size_of_I2C_Slave_Read (abs)        000
__size_of_main           (abs)        000
_exit                    init         012
_main                    maintext     098
_nRBPU                   (abs)        40F
_z                       bssCOMMON    078
btemp                    (abs)        07E
end_of_initialization    cinit        0B1
interrupt_function       intentry     004
intlevel0                functab      000
intlevel1                functab      000
intlevel2                functab      000
intlevel3                functab      000
intlevel4                functab      000
intlevel5                functab      000
reset_vec                reset_vec    000
saved_w                  (abs)        07E
start                    init         012
start_initialization     cinit        0AF
wtemp0                   (abs)        07E
