HI-TECH Software C Compiler 

Linker command line:

--edf=C:\Program Files (x86)\HI-TECH Software\PICC\9.82\dat\en_msgs.txt -cs \
  -h+LCD I2C.sym -z -Q16F877A -ol.obj -MLCD I2C.map -E1 -ACONST=00h-0FFhx32 \
  -ACODE=00h-07FFhx4 -ASTRCODE=00h-01FFFh -AENTRY=00h-0FFhx32 \
  -ASTRING=00h-0FFhx32 -ABANK0=020h-06Fh -ABANK1=0A0h-0EFh \
  -ABANK2=0110h-016Fh -ABANK3=0190h-01EFh \
  -ARAM=020h-06Fh,0A0h-0EFh,0110h-016Fh,0190h-01EFh \
  -AABS1=020h-07Fh,0A0h-0EFh,0110h-016Fh,0190h-01EFh -ACOMMON=070h-07Fh \
  -ASFR0=00h-01Fh -ASFR1=080h-09Fh -ASFR2=0100h-010Fh -ASFR3=0180h-018Fh \
  -preset_vec=00h,intentry,init,end_init -ppowerup=CODE -pfunctab=CODE \
  -ACONFIG=02007h-02007h -pconfig=CONFIG -DCONFIG=2 -AIDLOC=02000h-02003h \
  -pidloc=IDLOC -DIDLOC=2 -AEEDATA=00h-0FFh/02100h -peeprom_data=EEDATA \
  -DEEDATA=2 -DCODE=2 -DSTRCODE=2 -DSTRING=2 -DCONST=2 -DENTRY=2 -k \
  startup.obj LCD I2C.obj 

Object code version is 3.10

Machine type is 16F877A



                Name                               Link     Load   Length Selector   Space Scale
startup.obj     end_init                              0        0        3        0       0
LCD I2C.obj     text159                             702      702        D      E04       0
                text158                             70F      70F        F      E1E       0
                text157                             6F0      6F0        9      DE0       0
                text156                             71E      71E       11      E3C       0
                text155                             6F9      6F9        9      DF2       0
                text154                             77E      77E       41      EFC       0
                text153                             7BF      7BF       41      F7E       0
                text152                             744      744       19      E88       0
                text151                             75D      75D       21      EBA       0
                maintext                            72F      72F       15      E5E       0
                cstackCOMMON                         70       70        8       70       1
                cinit                               6EC      6EC        4      DD8       0
                strings                               3        3       12        6       0

TOTAL           Name                               Link     Load   Length     Space
        CLASS   CONST          

        CLASS   CODE           
                end_init                              0        0        3         0
                text159                             702      702        D         0
                text158                             70F      70F        F         0
                text157                             6F0      6F0        9         0
                text156                             71E      71E       11         0
                text155                             6F9      6F9        9         0
                text154                             77E      77E       41         0
                text153                             7BF      7BF       41         0
                text152                             744      744       19         0
                text151                             75D      75D       21         0
                maintext                            72F      72F       15         0
                cinit                               6EC      6EC        4         0

        CLASS   STRCODE        

        CLASS   ENTRY          

        CLASS   STRING         
                strings                               3        3       12         0

        CLASS   BANK0          

        CLASS   BANK1          

        CLASS   BANK2          

        CLASS   BANK3          

        CLASS   RAM            

        CLASS   ABS1           
                abs_s1                               7E       7E        2         1

        CLASS   COMMON         
                cstackCOMMON                         70       70        8         1

        CLASS   SFR0           

        CLASS   SFR1           

        CLASS   SFR2           

        CLASS   SFR3           

        CLASS   CONFIG         

        CLASS   IDLOC          

        CLASS   EEDATA         



SEGMENTS        Name                           Load    Length   Top    Selector   Space  Class     Delta

                reset_vec                      000000  000003  000003         0       0  CODE        2
                strings                        000003  000012  000015         6       0  STRING      2
                cstackCOMMON                   000070  000008  000078        70       1  COMMON      1
                cinit                          0006EC  000004  0006F0       DD8       0  CODE        2
                text157                        0006F0  000009  0006F9       DE0       0  CODE        2
                text155                        0006F9  000009  000702       DF2       0  CODE        2
                text159                        000702  00000D  00070F       E04       0  CODE        2
                text158                        00070F  00000F  00071E       E1E       0  CODE        2
                text156                        00071E  000011  00072F       E3C       0  CODE        2
                maintext                       00072F  000015  000744       E5E       0  CODE        2
                text152                        000744  000019  00075D       E88       0  CODE        2
                text151                        00075D  000021  00077E       EBA       0  CODE        2
                text154                        00077E  000041  0007BF       EFC       0  CODE        2
                text153                        0007BF  000041  000800       F7E       0  CODE        2


UNUSED ADDRESS RANGES

        Name                Unused          Largest block    Delta
        BANK0            0020-006F             50           1
        BANK1            00A0-00EF             50           1
        BANK2            0110-016F             60           1
        BANK3            0190-01EF             60           1
        CODE             0015-06EB            6D7           2
                         0800-1FFF            800
        COMMON           0078-007D              6           1
        CONFIG           2007-2007              1           2
        CONST            0015-06EB            100           2
                         0800-1FFF            100
        EEDATA           2100-21FF            100           2
        ENTRY            0015-06EB            100           2
                         0800-1FFF            100
        IDLOC            2000-2003              4           2
        RAM              0020-006F             50           1
                         00A0-00EF             50
                         0110-016F             60
                         0190-01EF             60
        SFR0             0000-001F             20           1
        SFR1             0080-009F             20           1
        SFR2             0100-010F             10           1
        SFR3             0180-018F             10           1
        STRCODE          0015-06EB            6D7           2
                         0800-1FFF           1800
        STRING           0015-06EB            100           2
                         0800-1FFF            100

                                  Symbol Table

??_I2C_Master_Init        cstackCOMMON 0070
??_I2C_Master_Wait        cstackCOMMON 0070
??_I2C_start              cstackCOMMON 0070
??_I2C_stop               cstackCOMMON 0070
??_I2C_write              cstackCOMMON 0070
??_lcd_init               cstackCOMMON 0076
??_lcd_send_cmd           cstackCOMMON 0071
??_lcd_send_data          cstackCOMMON 0071
??_lcd_send_string        cstackCOMMON 0076
??_main                   cstackCOMMON 0078
?_I2C_Master_Init         cstackCOMMON 0070
?_I2C_Master_Wait         cstackCOMMON 0070
?_I2C_start               cstackCOMMON 0070
?_I2C_stop                cstackCOMMON 0070
?_I2C_write               cstackCOMMON 0070
?_lcd_init                cstackCOMMON 0070
?_lcd_send_cmd            cstackCOMMON 0070
?_lcd_send_data           cstackCOMMON 0070
?_lcd_send_string         cstackCOMMON 0070
?_main                    cstackCOMMON 0070
I2C_write@data            cstackCOMMON 0070
_ACKDT                    (abs)        048D
_ACKEN                    (abs)        048C
_ACKSTAT                  (abs)        048E
_CARRY                    (abs)        0018
_EEADR                    (abs)        010D
_EECON1                   (abs)        018C
_EECON2                   (abs)        018D
_EEDATA                   (abs)        010C
_GIE                      (abs)        005F
_I2C_Master_Init          text159      0702
_I2C_Master_Wait          text158      070F
_I2C_start                text157      06F0
_I2C_stop                 text155      06F9
_I2C_write                text156      071E
_PEN                      (abs)        048A
_RCEN                     (abs)        048B
_RD                       (abs)        0C60
_RSEN                     (abs)        0489
_SEN                      (abs)        0488
_SSPADD                   (abs)        0093
_SSPBUF                   (abs)        0013
_SSPCON                   (abs)        0014
_SSPCON2                  (abs)        0091
_SSPIF                    (abs)        0063
_SSPSTAT                  (abs)        0094
_TRISC3                   (abs)        043B
_TRISC4                   (abs)        043C
_WR                       (abs)        0C61
_WREN                     (abs)        0C62
__Habs1                   abs1         0000
__Hbank0                  bank0        0000
__Hbank1                  bank1        0000
__Hbank2                  bank2        0000
__Hbank3                  bank3        0000
__Hcinit                  cinit        0000
__Hclrtext                clrtext      0000
__Hcode                   code         0000
__Hcommon                 common       0000
__Hconfig                 config       0000
__HcstackCOMMON           cstackCOMMON 0000
__Heeprom_data            eeprom_data  0000
__Hend_init               end_init     0003
__Hfunctab                functab      0000
__Hidloc                  idloc        0000
__Hinit                   init         0000
__Hintentry               intentry     0000
__Hmaintext               maintext     0000
__Hpowerup                powerup      0000
__Hram                    ram          0000
__Hreset_vec              reset_vec    0000
__Hsfr0                   sfr0         0000
__Hsfr1                   sfr1         0000
__Hsfr2                   sfr2         0000
__Hsfr3                   sfr3         0000
__Hstrings                strings      0000
__Htext                   text         0000
__Labs1                   abs1         0000
__Lbank0                  bank0        0000
__Lbank1                  bank1        0000
__Lbank2                  bank2        0000
__Lbank3                  bank3        0000
__Lcinit                  cinit        0000
__Lclrtext                clrtext      0000
__Lcode                   code         0000
__Lcommon                 common       0000
__Lconfig                 config       0000
__LcstackCOMMON           cstackCOMMON 0000
__Leeprom_data            eeprom_data  0000
__Lend_init               end_init     0000
__Lfunctab                functab      0000
__Lidloc                  idloc        0000
__Linit                   init         0000
__Lintentry               intentry     0000
__Lmaintext               maintext     0000
__Lpowerup                powerup      0000
__Lram                    ram          0000
__Lreset_vec              reset_vec    0000
__Lsfr0                   sfr0         0000
__Lsfr1                   sfr1         0000
__Lsfr2                   sfr2         0000
__Lsfr3                   sfr3         0000
__Lstrings                strings      0000
__Ltext                   text         0000
__S0                      (abs)        0800
__S1                      (abs)        0078
__S2                      (abs)        0000
__end_of_I2C_Master_Init  text159      070F
__end_of_I2C_Master_Wait  text158      071E
__end_of_I2C_start        text157      06F9
__end_of_I2C_stop         text155      0702
__end_of_I2C_write        text156      072F
__end_of_lcd_init         text152      075D
__end_of_lcd_send_cmd     text154      07BF
__end_of_lcd_send_data    text153      0800
__end_of_lcd_send_string  text151      077E
__end_of_main             maintext     0744
__pcstackCOMMON           cstackCOMMON 0070
__pmaintext               maintext     072F
__pstrings                strings      0003
__ptext150                text150      0000
__ptext151                text151      075D
__ptext152                text152      0744
__ptext153                text153      07BF
__ptext154                text154      077E
__ptext155                text155      06F9
__ptext156                text156      071E
__ptext157                text157      06F0
__ptext158                text158      070F
__ptext159                text159      0702
__ptext160                text160      0000
__size_of_I2C_Master_Init (abs)        0000
__size_of_I2C_Master_Wait (abs)        0000
__size_of_I2C_start       (abs)        0000
__size_of_I2C_stop        (abs)        0000
__size_of_I2C_write       (abs)        0000
__size_of_lcd_init        (abs)        0000
__size_of_lcd_send_cmd    (abs)        0000
__size_of_lcd_send_data   (abs)        0000
__size_of_lcd_send_string (abs)        0000
__size_of_main            (abs)        0000
_exit                     init         0000
_lcd_init                 text152      0744
_lcd_send_cmd             text154      077E
_lcd_send_data            text153      07BF
_lcd_send_string          text151      075D
_main                     maintext     072F
btemp                     (abs)        007E
end_of_initialization     cinit        06EC
intlevel0                 functab      0000
intlevel1                 functab      0000
intlevel2                 functab      0000
intlevel3                 functab      0000
intlevel4                 functab      0000
intlevel5                 functab      0000
lcd_send_cmd@data         cstackCOMMON 0073
lcd_send_cmd@data_l       cstackCOMMON 0074
lcd_send_cmd@data_u       cstackCOMMON 0075
lcd_send_data@data        cstackCOMMON 0073
lcd_send_data@data_l      cstackCOMMON 0074
lcd_send_data@data_u      cstackCOMMON 0075
lcd_send_string@str       cstackCOMMON 0077
reset_vec                 reset_vec    0000
start                     init         0000
start_initialization      cinit        06EC
wtemp0                    (abs)        007E
