HI-TECH Software C Compiler 

Linker command line:

--edf=C:\Program Files (x86)\HI-TECH Software\PICC\9.83\dat\en_msgs.txt -cs \
  -h+dist/default/production\SPI.X.production.sym -z -Q16F877A -ol.obj \
  -Mdist/default/production/SPI.X.production.map -E1 -ACONST=00h-0FFhx32 \
  -ACODE=00h-07FFhx4 -ASTRCODE=00h-01FFFh -AENTRY=00h-0FFhx32 \
  -ASTRING=00h-0FFhx32 -ABANK0=020h-06Fh -ABANK1=0A0h-0EFh \
  -ABANK2=0110h-016Fh -ABANK3=0190h-01EFh \
  -ARAM=020h-06Fh,0A0h-0EFh,0110h-016Fh,0190h-01EFh \
  -AABS1=020h-07Fh,0A0h-0EFh,0110h-016Fh,0190h-01EFh -ACOMMON=070h-07Fh \
  -ASFR0=00h-01Fh -ASFR1=080h-09Fh -ASFR2=0100h-010Fh -ASFR3=0180h-018Fh \
  -preset_vec=00h,intentry,init,end_init -ppowerup=CODE -pfunctab=CODE \
  -ACONFIG=02007h-02007h -pconfig=CONFIG -DCONFIG=2 -AIDLOC=02000h-02003h \
  -pidloc=IDLOC -DIDLOC=2 -AEEDATA=00h-0FFh/02100h -peeprom_data=EEDATA \
  -DEEDATA=2 -DCODE=2 -DSTRCODE=2 -DSTRING=2 -DCONST=2 -DENTRY=2 -k \
  C:\Users\Aravinth\AppData\Local\Temp\s7r0.obj \
  dist/default/production\SPI.X.production.obj 

Object code version is 3.10

Machine type is 16F877A



                Name                               Link     Load   Length Selector   Space Scale
C:\Users\Aravinth\AppData\Local\Temp\s7r0.obj
                end_init                              0        0        3        0       0
dist/default/production\SPI.X.production.obj
                text143                             57B      57B        D      AF6       0
                text142                             5AD      5AD       1D      B5A       0
                text141                             5EE      5EE       3E      BDC       0
                maintext                            62C      62C      1D4      C58       0
                cstackBANK0                          44       44       12       20       1
                cstackCOMMON                         70       70        9       70       1
                inittext                            59A      59A       13      B34       0
                dataBANK0                            20       20       24       20       1
                cinit                               588      588       12      B10       0
                idataBANK0                          5CA      5CA       24      B94       0

TOTAL           Name                               Link     Load   Length     Space
        CLASS   CONST          

        CLASS   CODE           
                end_init                              0        0        3         0
                text143                             57B      57B        D         0
                text142                             5AD      5AD       1D         0
                text141                             5EE      5EE       3E         0
                maintext                            62C      62C      1D4         0
                inittext                            59A      59A       13         0
                cinit                               588      588       12         0
                idataBANK0                          5CA      5CA       24         0

        CLASS   STRCODE        

        CLASS   ENTRY          

        CLASS   STRING         

        CLASS   BANK0          
                cstackBANK0                          44       44       12         1
                dataBANK0                            20       20       24         1

        CLASS   BANK1          

        CLASS   BANK2          

        CLASS   BANK3          

        CLASS   RAM            

        CLASS   ABS1           
                abs_s1                               7E       7E        2         1

        CLASS   COMMON         
                cstackCOMMON                         70       70        9         1

        CLASS   SFR0           

        CLASS   SFR1           

        CLASS   SFR2           

        CLASS   SFR3           

        CLASS   CONFIG         

        CLASS   IDLOC          

        CLASS   EEDATA         



SEGMENTS        Name                           Load    Length   Top    Selector   Space  Class     Delta

                reset_vec                      000000  000003  000003         0       0  CODE        2
                dataBANK0                      000020  000036  000056        20       1  BANK0       1
                cstackCOMMON                   000070  000009  000079        70       1  COMMON      1
                text143                        00057B  00000D  000588       AF6       0  CODE        2
                cinit                          000588  000012  00059A       B10       0  CODE        2
                inittext                       00059A  000013  0005AD       B34       0  CODE        2
                text142                        0005AD  00001D  0005CA       B5A       0  CODE        2
                idataBANK0                     0005CA  000024  0005EE       B94       0  CODE        2
                text141                        0005EE  00003E  00062C       BDC       0  CODE        2
                maintext                       00062C  0001D4  000800       C58       0  CODE        2


UNUSED ADDRESS RANGES

        Name                Unused          Largest block    Delta
        BANK0            0056-006F             1A           1
        BANK1            00A0-00EF             50           1
        BANK2            0110-016F             60           1
        BANK3            0190-01EF             60           1
        CODE             0003-057A            578           2
                         0800-1FFF            800
        COMMON           0079-007D              5           1
        CONFIG           2007-2007              1           2
        CONST            0003-057A            100           2
                         0800-1FFF            100
        EEDATA           2100-21FF            100           2
        ENTRY            0003-057A            100           2
                         0800-1FFF            100
        IDLOC            2000-2003              4           2
        RAM              0056-006F             1A           1
                         00A0-00EF             50
                         0110-016F             60
                         0190-01EF             60
        SFR0             0000-001F             20           1
        SFR1             0080-009F             20           1
        SFR2             0100-010F             10           1
        SFR3             0180-018F             10           1
        STRCODE          0003-057A            578           2
                         0800-1FFF           1800
        STRING           0003-057A            100           2
                         0800-1FFF            100

                                  Symbol Table

??_SPI_Initialize_Master        cstackCOMMON 0070
??_SPI_Write                    cstackCOMMON 0071
??_delay                        cstackCOMMON 0072
??_main                         cstackCOMMON 0077
?_SPI_Initialize_Master         cstackCOMMON 0070
?_SPI_Write                     cstackCOMMON 0070
?_delay                         cstackCOMMON 0070
?_main                          cstackCOMMON 0070
SPI_Write@cmd                   cstackCOMMON 0071
SPI_Write@data                  cstackCOMMON 0070
_CARRY                          (abs)        0018
_EEADR                          (abs)        010D
_EECON1                         (abs)        018C
_EECON2                         (abs)        018D
_EEDATA                         (abs)        010C
_GIE                            (abs)        005F
_RC2                            (abs)        003A
_RD                             (abs)        0C60
_SPI_Initialize_Master          text143      057B
_SPI_Write                      text142      05AD
_SSPBUF                         (abs)        0013
_SSPCON                         (abs)        0014
_SSPSTAT                        (abs)        0094
_SSPSTATbits                    (abs)        0094
_TRISC2                         (abs)        043A
_TRISC3                         (abs)        043B
_TRISC5                         (abs)        043D
_WR                             (abs)        0C61
_WREN                           (abs)        0C62
__Habs1                         abs1         0000
__Hbank0                        bank0        0000
__Hbank1                        bank1        0000
__Hbank2                        bank2        0000
__Hbank3                        bank3        0000
__Hcinit                        cinit        0000
__Hclrtext                      clrtext      0000
__Hcode                         code         0000
__Hcommon                       common       0000
__Hconfig                       config       0000
__HcstackBANK0                  cstackBANK0  0000
__HcstackCOMMON                 cstackCOMMON 0000
__HdataBANK0                    dataBANK0    0000
__Heeprom_data                  eeprom_data  0000
__Hend_init                     end_init     0003
__Hfunctab                      functab      0000
__HidataBANK0                   idataBANK0   0000
__Hidloc                        idloc        0000
__Hinit                         init         0000
__Hinittext                     inittext     0000
__Hintentry                     intentry     0000
__Hmaintext                     maintext     0000
__Hpowerup                      powerup      0000
__Hram                          ram          0000
__Hreset_vec                    reset_vec    0000
__Hsfr0                         sfr0         0000
__Hsfr1                         sfr1         0000
__Hsfr2                         sfr2         0000
__Hsfr3                         sfr3         0000
__Hstrings                      strings      0000
__Htext                         text         0000
__Labs1                         abs1         0000
__Lbank0                        bank0        0000
__Lbank1                        bank1        0000
__Lbank2                        bank2        0000
__Lbank3                        bank3        0000
__Lcinit                        cinit        0000
__Lclrtext                      clrtext      0000
__Lcode                         code         0000
__Lcommon                       common       0000
__Lconfig                       config       0000
__LcstackBANK0                  cstackBANK0  0000
__LcstackCOMMON                 cstackCOMMON 0000
__LdataBANK0                    dataBANK0    0000
__Leeprom_data                  eeprom_data  0000
__Lend_init                     end_init     0000
__Lfunctab                      functab      0000
__LidataBANK0                   idataBANK0   0000
__Lidloc                        idloc        0000
__Linit                         init         0000
__Linittext                     inittext     0000
__Lintentry                     intentry     0000
__Lmaintext                     maintext     0000
__Lpowerup                      powerup      0000
__Lram                          ram          0000
__Lreset_vec                    reset_vec    0000
__Lsfr0                         sfr0         0000
__Lsfr1                         sfr1         0000
__Lsfr2                         sfr2         0000
__Lsfr3                         sfr3         0000
__Lstrings                      strings      0000
__Ltext                         text         0000
__S0                            (abs)        0800
__S1                            (abs)        0079
__S2                            (abs)        0000
__end_of_SPI_Initialize_Master  text143      0588
__end_of_SPI_Write              text142      05CA
__end_of_delay                  text141      062C
__end_of_main                   maintext     0800
__pcstackBANK0                  cstackBANK0  0044
__pcstackCOMMON                 cstackCOMMON 0070
__pdataBANK0                    dataBANK0    0020
__pidataBANK0                   idataBANK0   05CA
__pmaintext                     maintext     062C
__ptext141                      text141      05EE
__ptext142                      text142      05AD
__ptext143                      text143      057B
__ptext144                      text144      0000
__size_of_SPI_Initialize_Master (abs)        0000
__size_of_SPI_Write             (abs)        0000
__size_of_delay                 (abs)        0000
__size_of_main                  (abs)        0000
_ar2                            dataBANK0    0034
_arr                            dataBANK0    0020
_delay                          text141      05EE
_exit                           init         0000
_main                           maintext     062C
btemp                           (abs)        007E
delay@a                         cstackCOMMON 0070
delay@i                         cstackCOMMON 0073
delay@j                         cstackCOMMON 0075
end_of_initialization           cinit        0596
init_fetch                      inittext     059A
init_ram                        inittext     059E
intlevel0                       functab      0000
intlevel1                       functab      0000
intlevel2                       functab      0000
intlevel3                       functab      0000
intlevel4                       functab      0000
intlevel5                       functab      0000
main@a                          cstackBANK0  0054
main@b                          cstackBANK0  0052
main@c                          cstackBANK0  0050
main@d                          cstackBANK0  004E
main@e                          cstackBANK0  004A
main@f                          cstackBANK0  0048
main@g                          cstackBANK0  0046
main@h                          cstackBANK0  0044
main@i                          cstackBANK0  004C
reset_vec                       reset_vec    0000
start                           init         0000
start_initialization            cinit        0588
wtemp0                          (abs)        007E
