HI-TECH Software C Compiler 

Linker command line:

--edf=C:\Program Files (x86)\HI-TECH Software\PICC\9.83\dat\en_msgs.txt -cs \
  -h+dist/default/production\ADC.X.production.sym -z -Q16F877A -ol.obj \
  -Mdist/default/production/ADC.X.production.map -E1 -ACONST=00h-0FFhx32 \
  -ACODE=00h-07FFhx4 -ASTRCODE=00h-01FFFh -AENTRY=00h-0FFhx32 \
  -ASTRING=00h-0FFhx32 -ABANK0=020h-06Fh -ABANK1=0A0h-0EFh \
  -ABANK2=0110h-016Fh -ABANK3=0190h-01EFh \
  -ARAM=020h-06Fh,0A0h-0EFh,0110h-016Fh,0190h-01EFh \
  -AABS1=020h-07Fh,0A0h-0EFh,0110h-016Fh,0190h-01EFh -ACOMMON=070h-07Fh \
  -ASFR0=00h-01Fh -ASFR1=080h-09Fh -ASFR2=0100h-010Fh -ASFR3=0180h-018Fh \
  -preset_vec=00h,intentry,init,end_init -ppowerup=CODE -pfunctab=CODE \
  -ACONFIG=02007h-02007h -pconfig=CONFIG -DCONFIG=2 -AIDLOC=02000h-02003h \
  -pidloc=IDLOC -DIDLOC=2 -AEEDATA=00h-0FFh/02100h -peeprom_data=EEDATA \
  -DEEDATA=2 -DCODE=2 -DSTRCODE=2 -DSTRING=2 -DCONST=2 -DENTRY=2 -k \
  C:\Users\Aravinth\AppData\Local\Temp\sab0.obj \
  dist/default/production\ADC.X.production.obj 

Object code version is 3.10

Machine type is 16F877A



                Name                               Link     Load   Length Selector   Space Scale
C:\Users\Aravinth\AppData\Local\Temp\sab0.obj
                end_init                              0        0        3        0       0
dist/default/production\ADC.X.production.obj
                text250                             59F      59F       3E      B3E       0
                text249                             5DD      5DD       4A      BBA       0
                text248                             627      627       5E      C4E       0
                text247                             685      685       70      D0A       0
                text246                             51A      51A       15      A34       0
                text245                             52F      52F       15      A5E       0
                text244                             544      544       19      A88       0
                text243                             55D      55D       21      ABA       0
                text242                             6F5      6F5      10B      DEA       0
                maintext                            57E      57E       21      AFC       0
                cstackBANK0                          20       20       21       20       1
                cstackCOMMON                         70       70        E       70       1
                cinit                               516      516        4      A2C       0
                strings                               3        3       12        6       0

TOTAL           Name                               Link     Load   Length     Space
        CLASS   CONST          

        CLASS   CODE           
                end_init                              0        0        3         0
                text250                             59F      59F       3E         0
                text249                             5DD      5DD       4A         0
                text248                             627      627       5E         0
                text247                             685      685       70         0
                text246                             51A      51A       15         0
                text245                             52F      52F       15         0
                text244                             544      544       19         0
                text243                             55D      55D       21         0
                text242                             6F5      6F5      10B         0
                maintext                            57E      57E       21         0
                cinit                               516      516        4         0

        CLASS   STRCODE        

        CLASS   ENTRY          

        CLASS   STRING         
                strings                               3        3       12         0

        CLASS   BANK0          
                cstackBANK0                          20       20       21         1

        CLASS   BANK1          

        CLASS   BANK2          

        CLASS   BANK3          

        CLASS   RAM            

        CLASS   ABS1           
                abs_s1                               7E       7E        2         1

        CLASS   COMMON         
                cstackCOMMON                         70       70        E         1

        CLASS   SFR0           

        CLASS   SFR1           

        CLASS   SFR2           

        CLASS   SFR3           

        CLASS   CONFIG         

        CLASS   IDLOC          

        CLASS   EEDATA         



SEGMENTS        Name                           Load    Length   Top    Selector   Space  Class     Delta

                reset_vec                      000000  000003  000003         0       0  CODE        2
                strings                        000003  000012  000015         6       0  STRING      2
                cstackBANK0                    000020  000021  000041        20       1  BANK0       1
                cstackCOMMON                   000070  00000E  00007E        70       1  COMMON      1
                cinit                          000516  000004  00051A       A2C       0  CODE        2
                text246                        00051A  000015  00052F       A34       0  CODE        2
                text245                        00052F  000015  000544       A5E       0  CODE        2
                text244                        000544  000019  00055D       A88       0  CODE        2
                text243                        00055D  000021  00057E       ABA       0  CODE        2
                maintext                       00057E  000021  00059F       AFC       0  CODE        2
                text250                        00059F  00003E  0005DD       B3E       0  CODE        2
                text249                        0005DD  00004A  000627       BBA       0  CODE        2
                text248                        000627  00005E  000685       C4E       0  CODE        2
                text247                        000685  000070  0006F5       D0A       0  CODE        2
                text242                        0006F5  00010B  000800       DEA       0  CODE        2


UNUSED ADDRESS RANGES

        Name                Unused          Largest block    Delta
        BANK0            0041-006F             2F           1
        BANK1            00A0-00EF             50           1
        BANK2            0110-016F             60           1
        BANK3            0190-01EF             60           1
        CODE             0015-0515            501           2
                         0800-1FFF            800
        CONFIG           2007-2007              1           2
        CONST            0015-0515            100           2
                         0800-1FFF            100
        EEDATA           2100-21FF            100           2
        ENTRY            0015-0515            100           2
                         0800-1FFF            100
        IDLOC            2000-2003              4           2
        RAM              0041-006F             2F           1
                         00A0-00EF             50
                         0110-016F             60
                         0190-01EF             60
        SFR0             0000-001F             20           1
        SFR1             0080-009F             20           1
        SFR2             0100-010F             10           1
        SFR3             0180-018F             10           1
        STRCODE          0015-0515            501           2
                         0800-1FFF           1800
        STRING           0015-0515            100           2
                         0800-1FFF            100

                                  Symbol Table

??___lldiv            cstackCOMMON 007D
??___llmod            cstackBANK0  0035
??___lmul             cstackCOMMON 0078
??_adc                cstackBANK0  0037
??_cmd                cstackCOMMON 0077
??_dat                cstackCOMMON 0077
??_delay              cstackCOMMON 0072
??_lcd_int            cstackCOMMON 0078
??_main               cstackCOMMON 007E
??_show               cstackCOMMON 0078
?___lldiv             cstackBANK0  0020
?___llmod             cstackBANK0  002D
?___lmul              cstackCOMMON 0070
?_adc                 cstackCOMMON 0070
?_cmd                 cstackCOMMON 0070
?_dat                 cstackCOMMON 0070
?_delay               cstackCOMMON 0070
?_lcd_int             cstackCOMMON 0070
?_main                cstackCOMMON 0070
?_show                cstackCOMMON 0070
_ADCON0               (abs)        001F
_ADCON1               (abs)        009F
_ADRESH               (abs)        001E
_ADRESL               (abs)        009E
_CARRY                (abs)        0018
_EEADR                (abs)        010D
_EECON1               (abs)        018C
_EECON2               (abs)        018D
_EEDATA               (abs)        010C
_GIE                  (abs)        005F
_GO_nDONE             (abs)        00FA
_PORTD                (abs)        0008
_RC4                  (abs)        003C
_RC5                  (abs)        003D
_RC6                  (abs)        003E
_RD                   (abs)        0C60
_TRISA0               (abs)        0428
_TRISC                (abs)        0087
_TRISD                (abs)        0088
_WR                   (abs)        0C61
_WREN                 (abs)        0C62
__Habs1               abs1         0000
__Hbank0              bank0        0000
__Hbank1              bank1        0000
__Hbank2              bank2        0000
__Hbank3              bank3        0000
__Hcinit              cinit        0000
__Hclrtext            clrtext      0000
__Hcode               code         0000
__Hcommon             common       0000
__Hconfig             config       0000
__HcstackBANK0        cstackBANK0  0000
__HcstackCOMMON       cstackCOMMON 0000
__Heeprom_data        eeprom_data  0000
__Hend_init           end_init     0003
__Hfunctab            functab      0000
__Hidloc              idloc        0000
__Hinit               init         0000
__Hintentry           intentry     0000
__Hmaintext           maintext     0000
__Hpowerup            powerup      0000
__Hram                ram          0000
__Hreset_vec          reset_vec    0000
__Hsfr0               sfr0         0000
__Hsfr1               sfr1         0000
__Hsfr2               sfr2         0000
__Hsfr3               sfr3         0000
__Hstrings            strings      0000
__Htext               text         0000
__Labs1               abs1         0000
__Lbank0              bank0        0000
__Lbank1              bank1        0000
__Lbank2              bank2        0000
__Lbank3              bank3        0000
__Lcinit              cinit        0000
__Lclrtext            clrtext      0000
__Lcode               code         0000
__Lcommon             common       0000
__Lconfig             config       0000
__LcstackBANK0        cstackBANK0  0000
__LcstackCOMMON       cstackCOMMON 0000
__Leeprom_data        eeprom_data  0000
__Lend_init           end_init     0000
__Lfunctab            functab      0000
__Lidloc              idloc        0000
__Linit               init         0000
__Lintentry           intentry     0000
__Lmaintext           maintext     0000
__Lpowerup            powerup      0000
__Lram                ram          0000
__Lreset_vec          reset_vec    0000
__Lsfr0               sfr0         0000
__Lsfr1               sfr1         0000
__Lsfr2               sfr2         0000
__Lsfr3               sfr3         0000
__Lstrings            strings      0000
__Ltext               text         0000
__S0                  (abs)        0800
__S1                  (abs)        007E
__S2                  (abs)        0000
___lldiv              text247      0685
___lldiv@counter      cstackBANK0  002C
___lldiv@dividend     cstackBANK0  0024
___lldiv@divisor      cstackBANK0  0020
___lldiv@quotient     cstackBANK0  0028
___llmod              text248      0627
___llmod@counter      cstackBANK0  0036
___llmod@dividend     cstackBANK0  0031
___llmod@divisor      cstackBANK0  002D
___lmul               text249      05DD
___lmul@multiplicand  cstackCOMMON 0074
___lmul@multiplier    cstackCOMMON 0070
___lmul@product       cstackCOMMON 0079
__end_of___lldiv      text247      06F5
__end_of___llmod      text248      0685
__end_of___lmul       text249      0627
__end_of_adc          text242      0800
__end_of_cmd          text246      052F
__end_of_dat          text245      0544
__end_of_delay        text250      05DD
__end_of_lcd_int      text244      055D
__end_of_main         maintext     059F
__end_of_show         text243      057E
__pcstackBANK0        cstackBANK0  0020
__pcstackCOMMON       cstackCOMMON 0070
__pmaintext           maintext     057E
__pstrings            strings      0003
__ptext241            text241      0000
__ptext242            text242      06F5
__ptext243            text243      055D
__ptext244            text244      0544
__ptext245            text245      052F
__ptext246            text246      051A
__ptext247            text247      0685
__ptext248            text248      0627
__ptext249            text249      05DD
__ptext250            text250      059F
__ptext251            text251      0000
__size_of___lldiv     (abs)        0000
__size_of___llmod     (abs)        0000
__size_of___lmul      (abs)        0000
__size_of_adc         (abs)        0000
__size_of_cmd         (abs)        0000
__size_of_dat         (abs)        0000
__size_of_delay       (abs)        0000
__size_of_lcd_int     (abs)        0000
__size_of_main        (abs)        0000
__size_of_show        (abs)        0000
_adc                  text242      06F5
_cmd                  text246      051A
_dat                  text245      052F
_delay                text250      059F
_exit                 init         0000
_lcd_int              text244      0544
_main                 maintext     057E
_show                 text243      055D
adc@adcval            cstackBANK0  003D
adc@temp              cstackBANK0  0039
btemp                 (abs)        007E
cmd@a                 cstackCOMMON 0077
dat@b                 cstackCOMMON 0077
delay@L               cstackCOMMON 0070
delay@i               cstackCOMMON 0073
delay@j               cstackCOMMON 0075
end_of_initialization cinit        0516
intlevel0             functab      0000
intlevel1             functab      0000
intlevel2             functab      0000
intlevel3             functab      0000
intlevel4             functab      0000
intlevel5             functab      0000
reset_vec             reset_vec    0000
show@s                cstackCOMMON 0079
start                 init         0000
start_initialization  cinit        0516
wtemp0                (abs)        007E
