HI-TECH Software C Compiler 

Linker command line:

--edf=C:\Program Files (x86)\HI-TECH Software\PICC\9.82\dat\en_msgs.txt -cs \
  -h+eeprom.sym -z -Q16F877A -ol.obj -Meeprom.map -E1 -ACONST=00h-0FFhx32 \
  -ACODE=00h-07FFhx4 -ASTRCODE=00h-01FFFh -AENTRY=00h-0FFhx32 \
  -ASTRING=00h-0FFhx32 -ABANK0=020h-06Fh -ABANK1=0A0h-0EFh \
  -ABANK2=0110h-016Fh -ABANK3=0190h-01EFh \
  -ARAM=020h-06Fh,0A0h-0EFh,0110h-016Fh,0190h-01EFh \
  -AABS1=020h-07Fh,0A0h-0EFh,0110h-016Fh,0190h-01EFh -ACOMMON=070h-07Fh \
  -ASFR0=00h-01Fh -ASFR1=080h-09Fh -ASFR2=0100h-010Fh -ASFR3=0180h-018Fh \
  -preset_vec=00h,intentry,init,end_init -ppowerup=CODE -pfunctab=CODE \
  -ACONFIG=02007h-02007h -pconfig=CONFIG -DCONFIG=2 -AIDLOC=02000h-02003h \
  -pidloc=IDLOC -DIDLOC=2 -AEEDATA=00h-0FFh/02100h -peeprom_data=EEDATA \
  -DEEDATA=2 -DCODE=2 -DSTRCODE=2 -DSTRING=2 -DCONST=2 -DENTRY=2 -k \
  startup.obj eeprom.obj 

Object code version is 3.10

Machine type is 16F877A



                Name                               Link     Load   Length Selector   Space Scale
startup.obj     end_init                              0        0        3        0       0
eeprom.obj      text137                             72F      72F       32      E5E       0
                text136                             6EA      6EA       1E      DD4       0
                text135                             6AE      6AE       12      D5C       0
                text134                             6C0      6C0       15      D80       0
                text133                             6D5      6D5       15      DAA       0
                text132                             761      761       3D      EC2       0
                text131                             708      708       27      E10       0
                maintext                            79E      79E       62      F3C       0
                cstackCOMMON                         70       70        C       70       1
                cinit                               6AA      6AA        4      D54       0
                strings                               3        3        D        6       0

TOTAL           Name                               Link     Load   Length     Space
        CLASS   CONST          

        CLASS   CODE           
                end_init                              0        0        3         0
                text137                             72F      72F       32         0
                text136                             6EA      6EA       1E         0
                text135                             6AE      6AE       12         0
                text134                             6C0      6C0       15         0
                text133                             6D5      6D5       15         0
                text132                             761      761       3D         0
                text131                             708      708       27         0
                maintext                            79E      79E       62         0
                cinit                               6AA      6AA        4         0

        CLASS   STRCODE        

        CLASS   ENTRY          

        CLASS   STRING         
                strings                               3        3        D         0

        CLASS   BANK0          

        CLASS   BANK1          

        CLASS   BANK2          

        CLASS   BANK3          

        CLASS   RAM            

        CLASS   ABS1           
                abs_s1                               7E       7E        2         1

        CLASS   COMMON         
                cstackCOMMON                         70       70        C         1

        CLASS   SFR0           

        CLASS   SFR1           

        CLASS   SFR2           

        CLASS   SFR3           

        CLASS   CONFIG         

        CLASS   IDLOC          

        CLASS   EEDATA         



SEGMENTS        Name                           Load    Length   Top    Selector   Space  Class     Delta

                reset_vec                      000000  000003  000003         0       0  CODE        2
                strings                        000003  00000D  000010         6       0  STRING      2
                cstackCOMMON                   000070  00000C  00007C        70       1  COMMON      1
                cinit                          0006AA  000004  0006AE       D54       0  CODE        2
                text135                        0006AE  000012  0006C0       D5C       0  CODE        2
                text134                        0006C0  000015  0006D5       D80       0  CODE        2
                text133                        0006D5  000015  0006EA       DAA       0  CODE        2
                text136                        0006EA  00001E  000708       DD4       0  CODE        2
                text131                        000708  000027  00072F       E10       0  CODE        2
                text137                        00072F  000032  000761       E5E       0  CODE        2
                text132                        000761  00003D  00079E       EC2       0  CODE        2
                maintext                       00079E  000062  000800       F3C       0  CODE        2


UNUSED ADDRESS RANGES

        Name                Unused          Largest block    Delta
        BANK0            0020-006F             50           1
        BANK1            00A0-00EF             50           1
        BANK2            0110-016F             60           1
        BANK3            0190-01EF             60           1
        CODE             0010-06A9            69A           2
                         0800-1FFF            800
        COMMON           007C-007D              2           1
        CONFIG           2007-2007              1           2
        CONST            0010-06A9            100           2
                         0800-1FFF            100
        EEDATA           2100-21FF            100           2
        ENTRY            0010-06A9            100           2
                         0800-1FFF            100
        IDLOC            2000-2003              4           2
        RAM              0020-006F             50           1
                         00A0-00EF             50
                         0110-016F             60
                         0190-01EF             60
        SFR0             0000-001F             20           1
        SFR1             0080-009F             20           1
        SFR2             0100-010F             10           1
        SFR3             0180-018F             10           1
        STRCODE          0010-06A9            69A           2
                         0800-1FFF           1800
        STRING           0010-06A9            100           2
                         0800-1FFF            100

                                  Symbol Table

??_EEread             cstackCOMMON 0070
??_EEwrite            cstackCOMMON 0071
??_lcd_cmd            cstackCOMMON 0076
??_lcd_data           cstackCOMMON 0076
??_lcd_init           cstackCOMMON 0077
??_lcd_string         cstackCOMMON 0077
??_main               cstackCOMMON 007A
??_msdelay            cstackCOMMON 0072
?_EEread              cstackCOMMON 0070
?_EEwrite             cstackCOMMON 0070
?_lcd_cmd             cstackCOMMON 0070
?_lcd_data            cstackCOMMON 0070
?_lcd_init            cstackCOMMON 0070
?_lcd_string          cstackCOMMON 0070
?_main                cstackCOMMON 0070
?_msdelay             cstackCOMMON 0070
EEread@address        cstackCOMMON 0071
EEread@byte           cstackCOMMON 0072
EEwrite@address       cstackCOMMON 0070
EEwrite@data          cstackCOMMON 0071
_CARRY                (abs)        0018
_EEADR                (abs)        010D
_EECON1               (abs)        018C
_EECON2               (abs)        018D
_EEDATA               (abs)        010C
_EEIF                 (abs)        006C
_EEPGD                (abs)        0C67
_EEread               text135      06AE
_EEwrite              text136      06EA
_GIE                  (abs)        005F
_PORTB                (abs)        0006
_PORTC                (abs)        0007
_RB0                  (abs)        0030
_RB1                  (abs)        0031
_RB2                  (abs)        0032
_RD                   (abs)        0C60
_RD0                  (abs)        0040
_RD5                  (abs)        0045
_TRISB                (abs)        0086
_TRISC                (abs)        0087
_WR                   (abs)        0C61
_WREN                 (abs)        0C62
__Habs1               abs1         0000
__Hbank0              bank0        0000
__Hbank1              bank1        0000
__Hbank2              bank2        0000
__Hbank3              bank3        0000
__Hcinit              cinit        0000
__Hclrtext            clrtext      0000
__Hcode               code         0000
__Hcommon             common       0000
__Hconfig             config       0000
__HcstackCOMMON       cstackCOMMON 0000
__Heeprom_data        eeprom_data  0000
__Hend_init           end_init     0003
__Hfunctab            functab      0000
__Hidloc              idloc        0000
__Hinit               init         0000
__Hintentry           intentry     0000
__Hmaintext           maintext     0000
__Hpowerup            powerup      0000
__Hram                ram          0000
__Hreset_vec          reset_vec    0000
__Hsfr0               sfr0         0000
__Hsfr1               sfr1         0000
__Hsfr2               sfr2         0000
__Hsfr3               sfr3         0000
__Hstrings            strings      0000
__Htext               text         0000
__Labs1               abs1         0000
__Lbank0              bank0        0000
__Lbank1              bank1        0000
__Lbank2              bank2        0000
__Lbank3              bank3        0000
__Lcinit              cinit        0000
__Lclrtext            clrtext      0000
__Lcode               code         0000
__Lcommon             common       0000
__Lconfig             config       0000
__LcstackCOMMON       cstackCOMMON 0000
__Leeprom_data        eeprom_data  0000
__Lend_init           end_init     0000
__Lfunctab            functab      0000
__Lidloc              idloc        0000
__Linit               init         0000
__Lintentry           intentry     0000
__Lmaintext           maintext     0000
__Lpowerup            powerup      0000
__Lram                ram          0000
__Lreset_vec          reset_vec    0000
__Lsfr0               sfr0         0000
__Lsfr1               sfr1         0000
__Lsfr2               sfr2         0000
__Lsfr3               sfr3         0000
__Lstrings            strings      0000
__Ltext               text         0000
__S0                  (abs)        0800
__S1                  (abs)        007C
__S2                  (abs)        0000
__end_of_EEread       text135      06C0
__end_of_EEwrite      text136      0708
__end_of_lcd_cmd      text134      06D5
__end_of_lcd_data     text133      06EA
__end_of_lcd_init     text132      079E
__end_of_lcd_string   text131      072F
__end_of_main         maintext     0800
__end_of_msdelay      text137      0761
__pcstackCOMMON       cstackCOMMON 0070
__pmaintext           maintext     079E
__pstrings            strings      0003
__ptext130            text130      0000
__ptext131            text131      0708
__ptext132            text132      0761
__ptext133            text133      06D5
__ptext134            text134      06C0
__ptext135            text135      06AE
__ptext136            text136      06EA
__ptext137            text137      072F
__ptext138            text138      0000
__size_of_EEread      (abs)        0000
__size_of_EEwrite     (abs)        0000
__size_of_lcd_cmd     (abs)        0000
__size_of_lcd_data    (abs)        0000
__size_of_lcd_init    (abs)        0000
__size_of_lcd_string  (abs)        0000
__size_of_main        (abs)        0000
__size_of_msdelay     (abs)        0000
_exit                 init         0000
_lcd_cmd              text134      06C0
_lcd_data             text133      06D5
_lcd_init             text132      0761
_lcd_string           text131      0708
_main                 maintext     079E
_msdelay              text137      072F
btemp                 (abs)        007E
end_of_initialization cinit        06AA
intlevel0             functab      0000
intlevel1             functab      0000
intlevel2             functab      0000
intlevel3             functab      0000
intlevel4             functab      0000
intlevel5             functab      0000
lcd_cmd@command       cstackCOMMON 0076
lcd_data@disp_data    cstackCOMMON 0076
lcd_string@k          cstackCOMMON 0077
lcd_string@str        cstackCOMMON 0079
main@a                cstackCOMMON 007B
msdelay@i             cstackCOMMON 0072
msdelay@j             cstackCOMMON 0074
msdelay@time          cstackCOMMON 0070
reset_vec             reset_vec    0000
start                 init         0000
start_initialization  cinit        06AA
wtemp0                (abs)        007E
